Archive member included to satisfy reference by file (symbol)

c:/program files (x86)/atmel/studio/7.0/toolchain/avr8/avr8-gnu-toolchain/bin/../lib/gcc/avr/5.4.0/../../../../avr/lib/avr5\libm.a(addsf3.o)
                              Sketch.o (__subsf3)
c:/program files (x86)/atmel/studio/7.0/toolchain/avr8/avr8-gnu-toolchain/bin/../lib/gcc/avr/5.4.0/../../../../avr/lib/avr5\libm.a(addsf3x.o)
                              c:/program files (x86)/atmel/studio/7.0/toolchain/avr8/avr8-gnu-toolchain/bin/../lib/gcc/avr/5.4.0/../../../../avr/lib/avr5\libm.a(addsf3.o) (__addsf3x)
c:/program files (x86)/atmel/studio/7.0/toolchain/avr8/avr8-gnu-toolchain/bin/../lib/gcc/avr/5.4.0/../../../../avr/lib/avr5\libm.a(cmpsf2.o)
                              Sketch.o (__eqsf2)
c:/program files (x86)/atmel/studio/7.0/toolchain/avr8/avr8-gnu-toolchain/bin/../lib/gcc/avr/5.4.0/../../../../avr/lib/avr5\libm.a(divsf3.o)
                              Sketch.o (__divsf3)
c:/program files (x86)/atmel/studio/7.0/toolchain/avr8/avr8-gnu-toolchain/bin/../lib/gcc/avr/5.4.0/../../../../avr/lib/avr5\libm.a(divsf3x.o)
                              c:/program files (x86)/atmel/studio/7.0/toolchain/avr8/avr8-gnu-toolchain/bin/../lib/gcc/avr/5.4.0/../../../../avr/lib/avr5\libm.a(divsf3.o) (__divsf3x)
c:/program files (x86)/atmel/studio/7.0/toolchain/avr8/avr8-gnu-toolchain/bin/../lib/gcc/avr/5.4.0/../../../../avr/lib/avr5\libm.a(fixsfsi.o)
                              Sketch.o (__fixsfsi)
c:/program files (x86)/atmel/studio/7.0/toolchain/avr8/avr8-gnu-toolchain/bin/../lib/gcc/avr/5.4.0/../../../../avr/lib/avr5\libm.a(fixunssfsi.o)
                              Sketch.o (__fixunssfsi)
c:/program files (x86)/atmel/studio/7.0/toolchain/avr8/avr8-gnu-toolchain/bin/../lib/gcc/avr/5.4.0/../../../../avr/lib/avr5\libm.a(floatsisf.o)
                              Sketch.o (__floatunsisf)
c:/program files (x86)/atmel/studio/7.0/toolchain/avr8/avr8-gnu-toolchain/bin/../lib/gcc/avr/5.4.0/../../../../avr/lib/avr5\libm.a(fp_cmp.o)
                              c:/program files (x86)/atmel/studio/7.0/toolchain/avr8/avr8-gnu-toolchain/bin/../lib/gcc/avr/5.4.0/../../../../avr/lib/avr5\libm.a(cmpsf2.o) (__fp_cmp)
c:/program files (x86)/atmel/studio/7.0/toolchain/avr8/avr8-gnu-toolchain/bin/../lib/gcc/avr/5.4.0/../../../../avr/lib/avr5\libm.a(fp_inf.o)
                              c:/program files (x86)/atmel/studio/7.0/toolchain/avr8/avr8-gnu-toolchain/bin/../lib/gcc/avr/5.4.0/../../../../avr/lib/avr5\libm.a(addsf3x.o) (__fp_inf)
c:/program files (x86)/atmel/studio/7.0/toolchain/avr8/avr8-gnu-toolchain/bin/../lib/gcc/avr/5.4.0/../../../../avr/lib/avr5\libm.a(fp_nan.o)
                              c:/program files (x86)/atmel/studio/7.0/toolchain/avr8/avr8-gnu-toolchain/bin/../lib/gcc/avr/5.4.0/../../../../avr/lib/avr5\libm.a(addsf3x.o) (__fp_nan)
c:/program files (x86)/atmel/studio/7.0/toolchain/avr8/avr8-gnu-toolchain/bin/../lib/gcc/avr/5.4.0/../../../../avr/lib/avr5\libm.a(fp_pscA.o)
                              c:/program files (x86)/atmel/studio/7.0/toolchain/avr8/avr8-gnu-toolchain/bin/../lib/gcc/avr/5.4.0/../../../../avr/lib/avr5\libm.a(addsf3x.o) (__fp_pscA)
c:/program files (x86)/atmel/studio/7.0/toolchain/avr8/avr8-gnu-toolchain/bin/../lib/gcc/avr/5.4.0/../../../../avr/lib/avr5\libm.a(fp_pscB.o)
                              c:/program files (x86)/atmel/studio/7.0/toolchain/avr8/avr8-gnu-toolchain/bin/../lib/gcc/avr/5.4.0/../../../../avr/lib/avr5\libm.a(addsf3x.o) (__fp_pscB)
c:/program files (x86)/atmel/studio/7.0/toolchain/avr8/avr8-gnu-toolchain/bin/../lib/gcc/avr/5.4.0/../../../../avr/lib/avr5\libm.a(fp_round.o)
                              c:/program files (x86)/atmel/studio/7.0/toolchain/avr8/avr8-gnu-toolchain/bin/../lib/gcc/avr/5.4.0/../../../../avr/lib/avr5\libm.a(addsf3.o) (__fp_round)
c:/program files (x86)/atmel/studio/7.0/toolchain/avr8/avr8-gnu-toolchain/bin/../lib/gcc/avr/5.4.0/../../../../avr/lib/avr5\libm.a(fp_split3.o)
                              c:/program files (x86)/atmel/studio/7.0/toolchain/avr8/avr8-gnu-toolchain/bin/../lib/gcc/avr/5.4.0/../../../../avr/lib/avr5\libm.a(addsf3x.o) (__fp_split3)
c:/program files (x86)/atmel/studio/7.0/toolchain/avr8/avr8-gnu-toolchain/bin/../lib/gcc/avr/5.4.0/../../../../avr/lib/avr5\libm.a(fp_zero.o)
                              c:/program files (x86)/atmel/studio/7.0/toolchain/avr8/avr8-gnu-toolchain/bin/../lib/gcc/avr/5.4.0/../../../../avr/lib/avr5\libm.a(addsf3x.o) (__fp_zero)
c:/program files (x86)/atmel/studio/7.0/toolchain/avr8/avr8-gnu-toolchain/bin/../lib/gcc/avr/5.4.0/../../../../avr/lib/avr5\libm.a(gesf2.o)
                              Sketch.o (__gesf2)
c:/program files (x86)/atmel/studio/7.0/toolchain/avr8/avr8-gnu-toolchain/bin/../lib/gcc/avr/5.4.0/../../../../avr/lib/avr5\libm.a(mulsf3.o)
                              Sketch.o (__mulsf3)
[...]
Memory Configuration

Name             Origin             Length             Attributes
text             0x00000000         0x00020000         xr
data             0x00800060         0x0000ffa0         rw !x
eeprom           0x00810000         0x00010000         rw !x
fuse             0x00820000         0x00000003         rw !x
lock             0x00830000         0x00000400         rw !x
signature        0x00840000         0x00000400         rw !x
user_signatures  0x00850000         0x00000400         rw !x
*default*        0x00000000         0xffffffff

Linker script and memory map

Address of section .data set to 0x800100
LOAD C:/Program Files (x86)/Atmel/Studio/7.0/Packs/atmel/ATmega_DFP/1.2.209/gcc/dev/atmega328p/avr5/crtatmega328p.o
LOAD Sketch.o
LOAD src/libraries/Adafruit_ADS1X15/Adafruit_ADS1015.o
LOAD src/libraries/LiquidCrystal_I2C_V112/LiquidCrystal_I2C.o
LOAD src/libraries/OneButton/src/OneButton.o
LOAD src/libraries/Wire/src/utility/twi.o
LOAD src/libraries/Wire/src/Wire.o
START GROUP
LOAD c:/program files (x86)/atmel/studio/7.0/toolchain/avr8/avr8-gnu-toolchain/bin/../lib/gcc/avr/5.4.0/../../../../avr/lib/avr5\libm.a
LOAD D:\Project Badger\vkr\vkr\ArduinoCore\Debug\libArduinoCore.a
END GROUP
LOAD c:/program files (x86)/atmel/studio/7.0/toolchain/avr8/avr8-gnu-toolchain/bin/../lib/gcc/avr/5.4.0/avr5\libgcc.a
LOAD c:/program files (x86)/atmel/studio/7.0/toolchain/avr8/avr8-gnu-toolchain/bin/../lib/gcc/avr/5.4.0/../../../../avr/lib/avr5\libm.a
START GROUP
LOAD c:/program files (x86)/atmel/studio/7.0/toolchain/avr8/avr8-gnu-toolchain/bin/../lib/gcc/avr/5.4.0/avr5\libgcc.a
LOAD c:/program files (x86)/atmel/studio/7.0/toolchain/avr8/avr8-gnu-toolchain/bin/../lib/gcc/avr/5.4.0/../../../../avr/lib/avr5\libm.a
LOAD c:/program files (x86)/atmel/studio/7.0/toolchain/avr8/avr8-gnu-toolchain/bin/../lib/gcc/avr/5.4.0/../../../../avr/lib/avr5\libc.a
LOAD C:/Program Files (x86)/Atmel/Studio/7.0/Packs/atmel/ATmega_DFP/1.2.209/gcc/dev/atmega328p/avr5\libatmega328p.a
END GROUP
                0x00020000                __TEXT_REGION_LENGTH__ = DEFINED (__TEXT_REGION_LENGTH__)?__TEXT_REGION_LENGTH__:0x20000
                0x0000ffa0                __DATA_REGION_LENGTH__ = DEFINED (__DATA_REGION_LENGTH__)?__DATA_REGION_LENGTH__:0xffa0
                0x00010000                __EEPROM_REGION_LENGTH__ = DEFINED (__EEPROM_REGION_LENGTH__)?__EEPROM_REGION_LENGTH__:0x10000
                [0x00000003]                __FUSE_REGION_LENGTH__ = DEFINED (__FUSE_REGION_LENGTH__)?__FUSE_REGION_LENGTH__:0x400
                0x00000400                __LOCK_REGION_LENGTH__ = DEFINED (__LOCK_REGION_LENGTH__)?__LOCK_REGION_LENGTH__:0x400
                0x00000400                __SIGNATURE_REGION_LENGTH__ = DEFINED (__SIGNATURE_REGION_LENGTH__)?__SIGNATURE_REGION_LENGTH__:0x400
                0x00000400                __USER_SIGNATURE_REGION_LENGTH__ = DEFINED (__USER_SIGNATURE_REGION_LENGTH__)?__USER_SIGNATURE_REGION_LENGTH__:0x400

.hash
 *(.hash)

.dynsym
 *(.dynsym)

.dynstr
 *(.dynstr)

.gnu.version
 *(.gnu.version)

.gnu.version_d
 *(.gnu.version_d)

.gnu.version_r
 *(.gnu.version_r)

.rel.init
 *(.rel.init)

.rela.init
 *(.rela.init)

.rel.text
 *(.rel.text)
 *(.rel.text.*)
 *(.rel.gnu.linkonce.t*)

.rela.text
 *(.rela.text)
 *(.rela.text.*)
 *(.rela.gnu.linkonce.t*)

.rel.fini
 *(.rel.fini)

.rela.fini
 *(.rela.fini)

.rel.rodata
 *(.rel.rodata)
 *(.rel.rodata.*)
 *(.rel.gnu.linkonce.r*)

.rela.rodata
 *(.rela.rodata)
 *(.rela.rodata.*)
 *(.rela.gnu.linkonce.r*)

.rel.data
 *(.rel.data)
 *(.rel.data.*)
 *(.rel.gnu.linkonce.d*)

.rela.data
 *(.rela.data)
 *(.rela.data.*)
 *(.rela.gnu.linkonce.d*)

.rel.ctors
 *(.rel.ctors)

.rela.ctors
 *(.rela.ctors)

.rel.dtors
 *(.rel.dtors)

.rela.dtors
 *(.rela.dtors)

.rel.got
 *(.rel.got)

.rela.got
 *(.rela.got)

.rel.bss
 *(.rel.bss)

.rela.bss
 *(.rela.bss)

.rel.plt
 *(.rel.plt)

.rela.plt
 *(.rela.plt)

.text           0x00000000     0x4226
 *(.vectors)
 .vectors       0x00000000       0x68 C:/Program Files (x86)/Atmel/Studio/7.0/Packs/atmel/ATmega_DFP/1.2.209/gcc/dev/atmega328p/avr5/crtatmega328p.o
                0x00000000                __vector_default
                0x00000000                __vectors
 *(.vectors)
 *(.progmem.gcc*)
 .progmem.gcc_sw_table._Z19displayStaticAsModev
                0x00000068       0x2c Sketch.o
 .progmem.gcc_sw_table._Z13displayAsModev
                0x00000094       0x28 Sketch.o
 .progmem.gcc_sw_table._Z12setEditValuev
                0x000000bc       0x18 Sketch.o
 .progmem.gcc_sw_table._Z12saveSettingsv
                0x000000d4       0x18 Sketch.o
                0x000000ec                . = ALIGN (0x2)
                0x000000ec                __trampolines_start = .
 *(.trampolines)
 .trampolines   0x000000ec        0x0 linker stubs
 *(.trampolines*)
                0x000000ec                __trampolines_end = .
 *libprintf_flt.a:*(.progmem.data)
 *libc.a:*(.progmem.data)
 *(.progmem*)
 .progmem.data._ZZ17setAdsGainByIndexP16Adafruit_ADS1115hE3__c_5
                0x000000ec        0xf Sketch.o
 .progmem.data._ZZ17setAdsGainByIndexP16Adafruit_ADS1115hE3__c_4
                0x000000fb        0xd Sketch.o
 .progmem.data._ZZ17setAdsGainByIndexP16Adafruit_ADS1115hE3__c_3
                0x00000108        0xb Sketch.o
 .progmem.data._ZZ17setAdsGainByIndexP16Adafruit_ADS1115hE3__c_2
                0x00000113        0xa Sketch.o
 .progmem.data._ZZ17setAdsGainByIndexP16Adafruit_ADS1115hE3__c_1
                0x0000011d        0x9 Sketch.o
 .progmem.data._ZZ17setAdsGainByIndexP16Adafruit_ADS1115hE3__c_0
                0x00000126        0x9 Sketch.o
 .progmem.data._ZZ17setAdsGainByIndexP16Adafruit_ADS1115hE3__c
                0x0000012f        0x6 Sketch.o
 .progmem.data._ZZ21button2LongPressStartvE3__c
                0x00000135       0x16 Sketch.o
 .progmem.data._ZZ12button1ClickvE3__c
                0x0000014b       0x17 Sketch.o
 .progmem.data._ZZ12lcdClearCellhhhE3__c
                0x00000162        0x2 Sketch.o
 .progmem.data._ZZ22showStaticWindingCharsvE3__c_1
                0x00000164        0x3 Sketch.o
 .progmem.data._ZZ22showStaticWindingCharsvE3__c_0
                0x00000167        0x3 Sketch.o
 .progmem.data._ZZ22showStaticWindingCharsvE3__c
                0x0000016a        0x3 Sketch.o
 .progmem.data._ZZ22showWindingCharsValueshE3__c_0
                0x0000016d        0x2 Sketch.o
 .progmem.data._ZZ22showWindingCharsValueshE3__c
                0x0000016f        0x2 Sketch.o
 .progmem.data._ZZ18showStaticAmperagevE3__c_0
                0x00000171        0x2 Sketch.o
 .progmem.data._ZZ18showStaticAmperagevE3__c
                0x00000173        0x2 Sketch.o
 .progmem.data._ZZ19displayStaticAsModevE3__c_28
                0x00000175        0xf Sketch.o
 .progmem.data._ZZ19displayStaticAsModevE3__c_27
                0x00000184        0x8 Sketch.o
 .progmem.data._ZZ19displayStaticAsModevE3__c_26
                0x0000018c       0x11 Sketch.o
 .progmem.data._ZZ19displayStaticAsModevE3__c_25
                0x0000019d        0xc Sketch.o
 .progmem.data._ZZ19displayStaticAsModevE3__c_24
                0x000001a9        0x3 Sketch.o
 .progmem.data._ZZ19displayStaticAsModevE3__c_23
                0x000001ac        0x3 Sketch.o
 .progmem.data._ZZ19displayStaticAsModevE3__c_22
                0x000001af        0x3 Sketch.o
 .progmem.data._ZZ19displayStaticAsModevE3__c_21
                0x000001b2        0x3 Sketch.o
 .progmem.data._ZZ19displayStaticAsModevE3__c_20
                0x000001b5        0x3 Sketch.o
 .progmem.data._ZZ19displayStaticAsModevE3__c_19
                0x000001b8        0x3 Sketch.o
 .progmem.data._ZZ19displayStaticAsModevE3__c_18
                0x000001bb        0x3 Sketch.o
 .progmem.data._ZZ19displayStaticAsModevE3__c_17
                0x000001be        0x4 Sketch.o
 .progmem.data._ZZ19displayStaticAsModevE3__c_16
                0x000001c2        0x4 Sketch.o
 .progmem.data._ZZ19displayStaticAsModevE3__c_15
                0x000001c6        0x4 Sketch.o
 .progmem.data._ZZ19displayStaticAsModevE3__c_14
                0x000001ca        0x4 Sketch.o
 .progmem.data._ZZ19displayStaticAsModevE3__c_13
                0x000001ce        0x4 Sketch.o
 .progmem.data._ZZ19displayStaticAsModevE3__c_12
                0x000001d2        0x4 Sketch.o
 .progmem.data._ZZ19displayStaticAsModevE3__c_11
                0x000001d6        0x7 Sketch.o
 .progmem.data._ZZ19displayStaticAsModevE3__c_10
                0x000001dd        0x6 Sketch.o
 .progmem.data._ZZ19displayStaticAsModevE3__c_9
                0x000001e3        0x6 Sketch.o
 .progmem.data._ZZ19displayStaticAsModevE3__c_8
                0x000001e9        0x6 Sketch.o
 .progmem.data._ZZ19displayStaticAsModevE3__c_7
                0x000001ef        0x6 Sketch.o
 .progmem.data._ZZ19displayStaticAsModevE3__c_6
                0x000001f5        0x6 Sketch.o
 .progmem.data._ZZ19displayStaticAsModevE3__c_5
                0x000001fb        0x6 Sketch.o
 .progmem.data._ZZ19displayStaticAsModevE3__c_4
                0x00000201        0x6 Sketch.o
 .progmem.data._ZZ19displayStaticAsModevE3__c_3
                0x00000207        0x6 Sketch.o
 .progmem.data._ZZ19displayStaticAsModevE3__c_2
                0x0000020d        0x6 Sketch.o
 .progmem.data._ZZ19displayStaticAsModevE3__c_1
                0x00000213       0x11 Sketch.o
 .progmem.data._ZZ19displayStaticAsModevE3__c_0
                0x00000224       0x11 Sketch.o
 .progmem.data._ZZ19displayStaticAsModevE3__c
                0x00000235       0x10 Sketch.o
 .progmem.data._ZZ19lcdPrintCriticalLvlhE3__c
                0x00000245        0x2 Sketch.o
 .progmem.data._ZZ27lcdPrinRoundedCurErrorLevelhE3__c
                0x00000247        0x2 Sketch.o
 .progmem.data._ZZ13displayAsModevE3__c_1
                0x00000249        0x2 Sketch.o
 .progmem.data._ZZ13displayAsModevE3__c_0
                0x0000024b        0x9 Sketch.o
 .progmem.data._ZZ13displayAsModevE3__c
                0x00000254        0x5 Sketch.o
 .progmem.data._ZZ12showGainInfovE3__c_4
                0x00000259       0x10 Sketch.o
 .progmem.data._ZZ12showGainInfovE3__c_3
                0x00000269        0xf Sketch.o
 .progmem.data._ZZ12showGainInfovE3__c_2
                0x00000278        0xe Sketch.o
 .progmem.data._ZZ12showGainInfovE3__c_1
                0x00000286        0xd Sketch.o
 .progmem.data._ZZ12showGainInfovE3__c_0
                0x00000293        0xc Sketch.o
 .progmem.data._ZZ12showGainInfovE3__c
                0x0000029f        0xd Sketch.o
 .progmem.data._ZZ4loopE3__c_7
                0x000002ac       0x29 Sketch.o
 .progmem.data._ZZ4loopE3__c_6
                0x000002d5        0xa Sketch.o
 .progmem.data._ZZ4loopE3__c_5
                0x000002df        0x4 Sketch.o
 .progmem.data._ZZ4loopE3__c_4
                0x000002e3        0x9 Sketch.o
 .progmem.data._ZZ4loopE3__c_3
                0x000002ec       0x14 Sketch.o
 .progmem.data._ZZ4loopE3__c_2
                0x00000300       0x15 Sketch.o
 .progmem.data._ZZ4loopE3__c_1
                0x00000315       0x14 Sketch.o
 .progmem.data._ZZ4loopE3__c_0
                0x00000329        0x2 Sketch.o
 .progmem.data._ZZ4loopE3__c
                0x0000032b        0xa Sketch.o
 .progmem.data._ZZ18checkIsReadyToWorkvE3__c
                0x00000335       0x12 Sketch.o
 .progmem.data._ZZ5setupE3__c_18
                0x00000347        0xc Sketch.o
 .progmem.data._ZZ5setupE3__c_17
                0x00000353        0xb Sketch.o
 .progmem.data._ZZ5setupE3__c_16
                0x0000035e       0x13 Sketch.o
 .progmem.data._ZZ5setupE3__c_15
                0x00000371       0x13 Sketch.o
 .progmem.data._ZZ5setupE3__c_14
                0x00000384       0x13 Sketch.o
 .progmem.data._ZZ5setupE3__c_13
                0x00000397       0x12 Sketch.o
 .progmem.data._ZZ5setupE3__c_12
                0x000003a9       0x12 Sketch.o
 .progmem.data._ZZ5setupE3__c_11
                0x000003bb       0x12 Sketch.o
 .progmem.data._ZZ5setupE3__c_10
                0x000003cd        0xf Sketch.o
 .progmem.data._ZZ5setupE3__c_9
                0x000003dc        0xf Sketch.o
 .progmem.data._ZZ5setupE3__c_8
                0x000003eb        0xf Sketch.o
 .progmem.data._ZZ5setupE3__c_7
                0x000003fa       0x12 Sketch.o
 .progmem.data._ZZ5setupE3__c_6
                0x0000040c        0xf Sketch.o
 .progmem.data._ZZ5setupE3__c_5
                0x0000041b       0x10 Sketch.o
 .progmem.data._ZZ5setupE3__c_4
                0x0000042b        0xf Sketch.o
 .progmem.data._ZZ5setupE3__c_3
                0x0000043a       0x1b Sketch.o
 .progmem.data._ZZ5setupE3__c_2
                0x00000455       0x11 Sketch.o
 .progmem.data._ZZ5setupE3__c_1
                0x00000466       0x11 Sketch.o
 .progmem.data._ZZ5setupE3__c_0
                0x00000477        0xc Sketch.o
 .progmem.data._ZZ5setupE3__c
                0x00000483       0x12 Sketch.o
 .progmem.data.digital_pin_to_timer_PGM
                0x00000495       0x14 D:\Project Badger\vkr\vkr\ArduinoCore\Debug\libArduinoCore.a(wiring_digital.o)
                0x00000495                digital_pin_to_timer_PGM
 .progmem.data.digital_pin_to_bit_mask_PGM
                0x000004a9       0x14 D:\Project Badger\vkr\vkr\ArduinoCore\Debug\libArduinoCore.a(wiring_digital.o)
                0x000004a9                digital_pin_to_bit_mask_PGM
 .progmem.data.digital_pin_to_port_PGM
                0x000004bd       0x14 D:\Project Badger\vkr\vkr\ArduinoCore\Debug\libArduinoCore.a(wiring_digital.o)
                0x000004bd                digital_pin_to_port_PGM
 .progmem.data.port_to_input_PGM
                0x000004d1        0xa D:\Project Badger\vkr\vkr\ArduinoCore\Debug\libArduinoCore.a(wiring_digital.o)
                0x000004d1                port_to_input_PGM
 .progmem.data.port_to_output_PGM
                0x000004db        0xa D:\Project Badger\vkr\vkr\ArduinoCore\Debug\libArduinoCore.a(wiring_digital.o)
                0x000004db                port_to_output_PGM
 .progmem.data.port_to_mode_PGM
                0x000004e5        0xa D:\Project Badger\vkr\vkr\ArduinoCore\Debug\libArduinoCore.a(wiring_digital.o)
                0x000004e5                port_to_mode_PGM
                0x000004f0                . = ALIGN (0x2)
 *fill*         0x000004ef        0x1 
 *(.jumptables)
 *(.jumptables*)
 *(.lowtext)
 *(.lowtext*)
                0x000004f0                __ctors_start = .
 *(.ctors)
 .ctors         0x000004f0        0x2 Sketch.o
 .ctors         0x000004f2        0x2 src/libraries/Wire/src/Wire.o
 .ctors         0x000004f4        0x2 D:\Project Badger\vkr\vkr\ArduinoCore\Debug\libArduinoCore.a(HardwareSerial0.o)
                0x000004f6                __ctors_end = .
                0x000004f6                __dtors_start = .
 *(.dtors)
                0x000004f6                __dtors_end = .
 SORT(*)(.ctors)
 SORT(*)(.dtors)
 *(.init0)
 .init0         0x000004f6        0x0 C:/Program Files (x86)/Atmel/Studio/7.0/Packs/atmel/ATmega_DFP/1.2.209/gcc/dev/atmega328p/avr5/crtatmega328p.o
                0x000004f6                __init
 *(.init0)
 *(.init1)
 *(.init1)
 *(.init2)
 .init2         0x000004f6        0xc C:/Program Files (x86)/Atmel/Studio/7.0/Packs/atmel/ATmega_DFP/1.2.209/gcc/dev/atmega328p/avr5/crtatmega328p.o
 *(.init2)
 *(.init3)
 *(.init3)
 *(.init4)
 .init4         0x00000502       0x16 c:/program files (x86)/atmel/studio/7.0/toolchain/avr8/avr8-gnu-toolchain/bin/../lib/gcc/avr/5.4.0/avr5\libgcc.a(_copy_data.o)
                0x00000502                __do_copy_data
 .init4         0x00000518       0x10 c:/program files (x86)/atmel/studio/7.0/toolchain/avr8/avr8-gnu-toolchain/bin/../lib/gcc/avr/5.4.0/avr5\libgcc.a(_clear_bss.o)
                0x00000518                __do_clear_bss
 *(.init4)
 *(.init5)
 *(.init5)
 *(.init6)
 .init6         0x00000528       0x16 c:/program files (x86)/atmel/studio/7.0/toolchain/avr8/avr8-gnu-toolchain/bin/../lib/gcc/avr/5.4.0/avr5\libgcc.a(_ctors.o)
                0x00000528                __do_global_ctors
 *(.init6)
 *(.init7)
 *(.init7)
 *(.init8)
 *(.init8)
 *(.init9)
 .init9         0x0000053e        0x8 C:/Program Files (x86)/Atmel/Studio/7.0/Packs/atmel/ATmega_DFP/1.2.209/gcc/dev/atmega328p/avr5/crtatmega328p.o
 *(.init9)
 *(.text)
 .text          0x00000546        0x4 C:/Program Files (x86)/Atmel/Studio/7.0/Packs/atmel/ATmega_DFP/1.2.209/gcc/dev/atmega328p/avr5/crtatmega328p.o
                0x00000546                __vector_22
                0x00000546                __vector_1
                0x00000546                __vector_12
                0x00000546                __bad_interrupt
                0x00000546                __vector_6
                0x00000546                __vector_3
                0x00000546                __vector_23
                0x00000546                __vector_25
                0x00000546                __vector_11
                0x00000546                __vector_13
                0x00000546                __vector_17
                0x00000546                __vector_7
                0x00000546                __vector_5
                0x00000546                __vector_4
                0x00000546                __vector_9
                0x00000546                __vector_2
                0x00000546                __vector_21
                0x00000546                __vector_15
                0x00000546                __vector_8
                0x00000546                __vector_14
                0x00000546                __vector_10
                0x00000546                __vector_20
                0x0000054a                . = ALIGN (0x2)
 *(.text.*)
 .text._Z18checkIsReadyToWorkv
                0x0000054a       0x80 Sketch.o
                0x0000054a                _Z18checkIsReadyToWorkv
 .text._Z11initAvgVarsv
                0x000005ca       0x24 Sketch.o
                0x000005ca                _Z11initAvgVarsv
 .text._Z12button1Clickv
                0x000005ee      0x110 Sketch.o
                0x000005ee                _Z12button1Clickv
 .text._Z19getICLevelByWindingfh
                0x000006fe       0xb0 Sketch.o
                0x000006fe                _Z19getICLevelByWindingfh
 .text._Z17isFullErrorExistsPfS_
                0x000007ae      0x1bc Sketch.o
                0x000007ae                _Z17isFullErrorExistsPfS_
 .text._Z12getAdsParamsv
                0x0000096a      0x274 Sketch.o
                0x0000096a                _Z12getAdsParamsv
 .text._Z27lcdPrinRoundedCurErrorLevelh
                0x00000bde       0x9e Sketch.o
                0x00000bde                _Z27lcdPrinRoundedCurErrorLevelh
 .text._Z19lcdPrintCriticalLvlh
                0x00000c7c       0x4a Sketch.o
                0x00000c7c                _Z19lcdPrintCriticalLvlh
 .text._Z18showStaticAmperagev
                0x00000cc6       0x30 Sketch.o
                0x00000cc6                _Z18showStaticAmperagev
 .text._Z22showStaticWindingCharsv
                0x00000cf6       0x48 Sketch.o
                0x00000cf6                _Z22showStaticWindingCharsv
 .text._Z19displayStaticAsModev
                0x00000d3e      0x182 Sketch.o
                0x00000d3e                _Z19displayStaticAsModev
 .text._Z12lcdClearCellhhh
                0x00000ec0       0x44 Sketch.o
                0x00000ec0                _Z12lcdClearCellhhh
 .text._Z12showGainInfov
                0x00000f04       0x6e Sketch.o
                0x00000f04                _Z12showGainInfov
 .text._Z17showAmperageCharsh
                0x00000f72      0x10a Sketch.o
                0x00000f72                _Z17showAmperageCharsh
 .text._Z22showWindingCharsValuesh
                0x0000107c      0x124 Sketch.o
                0x0000107c                _Z22showWindingCharsValuesh
 .text._Z13displayAsModev
                0x000011a0      0x158 Sketch.o
                0x000011a0                _Z13displayAsModev
 .text.loop     0x000012f8      0x366 Sketch.o
                0x000012f8                loop
 .text._Z31getCurrentWindingImpedanceValuev
                0x0000165e      0x122 Sketch.o
                0x0000165e                _Z31getCurrentWindingImpedanceValuev
 .text._Z21button1LongPressStartv
                0x00001780       0xa8 Sketch.o
                0x00001780                _Z21button1LongPressStartv
 .text._Z12setEditValuev
                0x00001828      0x118 Sketch.o
                0x00001828                _Z12setEditValuev
 .text._Z12button2Clickv
                0x00001940      0x11a Sketch.o
                0x00001940                _Z12button2Clickv
 .text._Z17setAdsGainByIndexP16Adafruit_ADS1115h
                0x00001a5a       0xa2 Sketch.o
                0x00001a5a                _Z17setAdsGainByIndexP16Adafruit_ADS1115h
 .text._Z18initAdsVoltageGainv
                0x00001afc       0x4a Sketch.o
                0x00001afc                _Z18initAdsVoltageGainv
 .text._Z19initAdsAmperageGainv
                0x00001b46       0x4a Sketch.o
                0x00001b46                _Z19initAdsAmperageGainv
 .text.setup    0x00001b90      0x4fa Sketch.o
                0x00001b90                setup
 .text._Z12saveSettingsv
                0x0000208a      0x252 Sketch.o
                0x0000208a                _Z12saveSettingsv
 .text._Z21button2LongPressStartv
                0x000022dc       0xb2 Sketch.o
                0x000022dc                _Z21button2LongPressStartv
 .text.startup._GLOBAL__sub_I_eeprom_first_start
                0x0000238e       0x9e Sketch.o
 .text._ZN16Adafruit_ADS1115C2Eh
                0x0000242c       0x10 src/libraries/Adafruit_ADS1X15/Adafruit_ADS1015.o
                0x0000242c                _ZN16Adafruit_ADS1115C2Eh
                0x0000242c                _ZN16Adafruit_ADS1115C1Eh
 .text._ZN16Adafruit_ADS10155beginEv
                0x0000243c        0x8 src/libraries/Adafruit_ADS1X15/Adafruit_ADS1015.o
                0x0000243c                _ZN16Adafruit_ADS10155beginEv
 .text._ZN16Adafruit_ADS10157setGainE9adsGain_t
                0x00002444        0x8 src/libraries/Adafruit_ADS1X15/Adafruit_ADS1015.o
                0x00002444                _ZN16Adafruit_ADS10157setGainE9adsGain_t
 .text._ZL13writeRegisterhhj
                0x0000244c       0x40 src/libraries/Adafruit_ADS1X15/Adafruit_ADS1015.o
 .text._ZL12readRegisterhh.isra.0
                0x0000248c       0x56 src/libraries/Adafruit_ADS1X15/Adafruit_ADS1015.o
 .text._ZN16Adafruit_ADS101519readADC_SingleEndedEh
                0x000024e2       0x66 src/libraries/Adafruit_ADS1X15/Adafruit_ADS1015.o
                0x000024e2                _ZN16Adafruit_ADS101519readADC_SingleEndedEh
 .text._ZN5Print17availableForWriteEv
                0x00002548        0x6 src/libraries/LiquidCrystal_I2C_V112/LiquidCrystal_I2C.o
                0x00002548                _ZN5Print17availableForWriteEv
 .text._ZN5Print5flushEv
                0x0000254e        0x2 src/libraries/LiquidCrystal_I2C_V112/LiquidCrystal_I2C.o
                0x0000254e                _ZN5Print5flushEv
 .text._ZN17LiquidCrystal_I2CC2Ehhh
                0x00002550       0x18 src/libraries/LiquidCrystal_I2C_V112/LiquidCrystal_I2C.o
                0x00002550                _ZN17LiquidCrystal_I2CC1Ehhh
                0x00002550                _ZN17LiquidCrystal_I2CC2Ehhh
 .text._ZN17LiquidCrystal_I2C13expanderWriteEh
                0x00002568       0x2e src/libraries/LiquidCrystal_I2C_V112/LiquidCrystal_I2C.o
                0x00002568                _ZN17LiquidCrystal_I2C13expanderWriteEh
 .text._ZN17LiquidCrystal_I2C9backlightEv
                0x00002596        0xc src/libraries/LiquidCrystal_I2C_V112/LiquidCrystal_I2C.o
                0x00002596                _ZN17LiquidCrystal_I2C9backlightEv
 .text._ZN17LiquidCrystal_I2C11pulseEnableEh
                0x000025a2       0x30 src/libraries/LiquidCrystal_I2C_V112/LiquidCrystal_I2C.o
                0x000025a2                _ZN17LiquidCrystal_I2C11pulseEnableEh
 .text._ZN17LiquidCrystal_I2C10write4bitsEh
                0x000025d2       0x1c src/libraries/LiquidCrystal_I2C_V112/LiquidCrystal_I2C.o
                0x000025d2                _ZN17LiquidCrystal_I2C10write4bitsEh
 .text._ZN17LiquidCrystal_I2C4sendEhh
                0x000025ee       0x2e src/libraries/LiquidCrystal_I2C_V112/LiquidCrystal_I2C.o
                0x000025ee                _ZN17LiquidCrystal_I2C4sendEhh
 .text._ZN17LiquidCrystal_I2C7commandEh
                0x0000261c        0x6 src/libraries/LiquidCrystal_I2C_V112/LiquidCrystal_I2C.o
                0x0000261c                _ZN17LiquidCrystal_I2C7commandEh
 .text._ZN17LiquidCrystal_I2C5clearEv
                0x00002622        0xe src/libraries/LiquidCrystal_I2C_V112/LiquidCrystal_I2C.o
                0x00002622                _ZN17LiquidCrystal_I2C5clearEv
 .text._ZN17LiquidCrystal_I2C4homeEv
                0x00002630        0xe src/libraries/LiquidCrystal_I2C_V112/LiquidCrystal_I2C.o
                0x00002630                _ZN17LiquidCrystal_I2C4homeEv
 .text._ZN17LiquidCrystal_I2C9setCursorEhh
                0x0000263e       0x5c src/libraries/LiquidCrystal_I2C_V112/LiquidCrystal_I2C.o
                0x0000263e                _ZN17LiquidCrystal_I2C9setCursorEhh
 .text._ZN17LiquidCrystal_I2C7displayEv
                0x0000269a       0x10 src/libraries/LiquidCrystal_I2C_V112/LiquidCrystal_I2C.o
                0x0000269a                _ZN17LiquidCrystal_I2C7displayEv
 .text._ZN17LiquidCrystal_I2C5writeEh
                0x000026aa        0xc src/libraries/LiquidCrystal_I2C_V112/LiquidCrystal_I2C.o
                0x000026aa                _ZN17LiquidCrystal_I2C5writeEh
 .text._ZN17LiquidCrystal_I2C5beginEhhh
                0x000026b6       0xa8 src/libraries/LiquidCrystal_I2C_V112/LiquidCrystal_I2C.o
                0x000026b6                _ZN17LiquidCrystal_I2C5beginEhhh
 .text._ZN17LiquidCrystal_I2C9init_privEv
                0x0000275e       0x20 src/libraries/LiquidCrystal_I2C_V112/LiquidCrystal_I2C.o
                0x0000275e                _ZN17LiquidCrystal_I2C9init_privEv
 .text._ZN17LiquidCrystal_I2C4initEv
                0x0000277e        0x4 src/libraries/LiquidCrystal_I2C_V112/LiquidCrystal_I2C.o
                0x0000277e                _ZN17LiquidCrystal_I2C4initEv
 .text._ZN9OneButtonC2Eiib
                0x00002782       0x5e src/libraries/OneButton/src/OneButton.o
                0x00002782                _ZN9OneButtonC1Eiib
                0x00002782                _ZN9OneButtonC2Eiib
 .text._ZN9OneButton16setDebounceTicksEi
                0x000027e0        0x8 src/libraries/OneButton/src/OneButton.o
                0x000027e0                _ZN9OneButton16setDebounceTicksEi
 .text._ZN9OneButton13setClickTicksEi
                0x000027e8        0x8 src/libraries/OneButton/src/OneButton.o
                0x000027e8                _ZN9OneButton13setClickTicksEi
 .text._ZN9OneButton13setPressTicksEi
                0x000027f0        0x8 src/libraries/OneButton/src/OneButton.o
                0x000027f0                _ZN9OneButton13setPressTicksEi
 .text._ZN9OneButton11attachClickEPFvvE
                0x000027f8        0x8 src/libraries/OneButton/src/OneButton.o
                0x000027f8                _ZN9OneButton11attachClickEPFvvE
 .text._ZN9OneButton20attachLongPressStartEPFvvE
                0x00002800        0x8 src/libraries/OneButton/src/OneButton.o
                0x00002800                _ZN9OneButton20attachLongPressStartEPFvvE
 .text._ZN9OneButton4tickEb
                0x00002808      0x1b0 src/libraries/OneButton/src/OneButton.o
                0x00002808                _ZN9OneButton4tickEb
 .text._ZN9OneButton4tickEv
                0x000029b8       0x30 src/libraries/OneButton/src/OneButton.o
                0x000029b8                _ZN9OneButton4tickEv
 .text.twi_init
                0x000029e8       0x3c src/libraries/Wire/src/utility/twi.o
                0x000029e8                twi_init
 .text.twi_readFrom
                0x00002a24       0x90 src/libraries/Wire/src/utility/twi.o
                0x00002a24                twi_readFrom
 .text.twi_writeTo
                0x00002ab4       0xac src/libraries/Wire/src/utility/twi.o
                0x00002ab4                twi_writeTo
 .text.twi_transmit
                0x00002b60       0x50 src/libraries/Wire/src/utility/twi.o
                0x00002b60                twi_transmit
 .text.twi_attachSlaveRxEvent
                0x00002bb0        0xa src/libraries/Wire/src/utility/twi.o
                0x00002bb0                twi_attachSlaveRxEvent
 .text.twi_attachSlaveTxEvent
                0x00002bba        0xa src/libraries/Wire/src/utility/twi.o
                0x00002bba                twi_attachSlaveTxEvent
 .text.twi_stop
                0x00002bc4       0x14 src/libraries/Wire/src/utility/twi.o
                0x00002bc4                twi_stop
 .text.twi_releaseBus
                0x00002bd8        0xc src/libraries/Wire/src/utility/twi.o
                0x00002bd8                twi_releaseBus
 .text.__vector_24
                0x00002be4      0x25a src/libraries/Wire/src/utility/twi.o
                0x00002be4                __vector_24
 .text._ZN7TwoWire9availableEv
                0x00002e3e       0x10 src/libraries/Wire/src/Wire.o
                0x00002e3e                _ZN7TwoWire9availableEv
 .text._ZN7TwoWire4readEv
                0x00002e4e       0x28 src/libraries/Wire/src/Wire.o
                0x00002e4e                _ZN7TwoWire4readEv
 .text._ZN7TwoWire4peekEv
                0x00002e76       0x1e src/libraries/Wire/src/Wire.o
                0x00002e76                _ZN7TwoWire4peekEv
 .text._ZN7TwoWire5flushEv
                0x00002e94        0x2 src/libraries/Wire/src/Wire.o
                0x00002e94                _ZN7TwoWire5flushEv
 .text._ZN7TwoWire16onReceiveServiceEPhi
                0x00002e96       0x54 src/libraries/Wire/src/Wire.o
                0x00002e96                _ZN7TwoWire16onReceiveServiceEPhi
 .text._ZN7TwoWire16onRequestServiceEv
                0x00002eea       0x18 src/libraries/Wire/src/Wire.o
                0x00002eea                _ZN7TwoWire16onRequestServiceEv
 .text._ZN7TwoWire5writeEPKhj
                0x00002f02       0x5a src/libraries/Wire/src/Wire.o
                0x00002f02                _ZN7TwoWire5writeEPKhj
 .text._ZN7TwoWire5writeEh
                0x00002f5c       0x5e src/libraries/Wire/src/Wire.o
                0x00002f5c                _ZN7TwoWire5writeEh
 .text._ZN7TwoWireC2Ev
                0x00002fba       0x20 src/libraries/Wire/src/Wire.o
                0x00002fba                _ZN7TwoWireC1Ev
                0x00002fba                _ZN7TwoWireC2Ev
 .text._ZN7TwoWire5beginEv
                0x00002fda       0x24 src/libraries/Wire/src/Wire.o
                0x00002fda                _ZN7TwoWire5beginEv
 .text._ZN7TwoWire17beginTransmissionEh
                0x00002ffe       0x14 src/libraries/Wire/src/Wire.o
                0x00002ffe                _ZN7TwoWire17beginTransmissionEh
 .text._ZN7TwoWire15endTransmissionEh
                0x00003012       0x26 src/libraries/Wire/src/Wire.o
                0x00003012                _ZN7TwoWire15endTransmissionEh
 .text._ZN7TwoWire11requestFromEhhmhh
                0x00003038       0xa8 src/libraries/Wire/src/Wire.o
                0x00003038                _ZN7TwoWire11requestFromEhhmhh
 .text._ZN7TwoWire11requestFromEhhh
                0x000030e0       0x20 src/libraries/Wire/src/Wire.o
                0x000030e0                _ZN7TwoWire11requestFromEhhh
 .text._ZN7TwoWire11requestFromEhh
                0x00003100        0x6 src/libraries/Wire/src/Wire.o
                0x00003100                _ZN7TwoWire11requestFromEhh
 .text._ZN7TwoWire15endTransmissionEv
                0x00003106        0x6 src/libraries/Wire/src/Wire.o
                0x00003106                _ZN7TwoWire15endTransmissionEv
 .text.startup._GLOBAL__sub_I__ZN7TwoWire8rxBufferE
                0x0000310c        0x8 src/libraries/Wire/src/Wire.o
 .text.avr-libc.fplib
                0x00003114        0xe c:/program files (x86)/atmel/studio/7.0/toolchain/avr8/avr8-gnu-toolchain/bin/../lib/gcc/avr/5.4.0/../../../../avr/lib/avr5\libm.a(addsf3.o)
                0x00003114                __subsf3
                0x00003116                __addsf3
 .text.avr-libc.fplib
                0x00003122       0xcc c:/program files (x86)/atmel/studio/7.0/toolchain/avr8/avr8-gnu-toolchain/bin/../lib/gcc/avr/5.4.0/../../../../avr/lib/avr5\libm.a(addsf3x.o)
                0x00003144                __addsf3x
 .text.avr-libc.fplib
                0x000031ee        0xa c:/program files (x86)/atmel/studio/7.0/toolchain/avr8/avr8-gnu-toolchain/bin/../lib/gcc/avr/5.4.0/../../../../avr/lib/avr5\libm.a(cmpsf2.o)
                0x000031ee                __nesf2
                0x000031ee                __eqsf2
                0x000031ee                __cmpsf2
                0x000031ee                __ltsf2
                0x000031ee                __lesf2
 .text.avr-libc.fplib
                0x000031f8        0x8 c:/program files (x86)/atmel/studio/7.0/toolchain/avr8/avr8-gnu-toolchain/bin/../lib/gcc/avr/5.4.0/../../../../avr/lib/avr5\libm.a(divsf3.o)
                0x000031f8                __divsf3
 .text.avr-libc.fplib
                0x00003200       0xdc c:/program files (x86)/atmel/studio/7.0/toolchain/avr8/avr8-gnu-toolchain/bin/../lib/gcc/avr/5.4.0/../../../../avr/lib/avr5\libm.a(divsf3x.o)
                0x00003220                __divsf3x
                0x00003226                __divsf3_pse
 .text.avr-libc.fplib
                0x000032dc        0xe c:/program files (x86)/atmel/studio/7.0/toolchain/avr8/avr8-gnu-toolchain/bin/../lib/gcc/avr/5.4.0/../../../../avr/lib/avr5\libm.a(fixsfsi.o)
                0x000032dc                __fixsfsi
 .text.avr-libc.fplib
                0x000032ea       0x5e c:/program files (x86)/atmel/studio/7.0/toolchain/avr8/avr8-gnu-toolchain/bin/../lib/gcc/avr/5.4.0/../../../../avr/lib/avr5\libm.a(fixunssfsi.o)
                0x000032ea                __fixunssfsi
 .text.avr-libc.fplib
                0x00003348       0x7a c:/program files (x86)/atmel/studio/7.0/toolchain/avr8/avr8-gnu-toolchain/bin/../lib/gcc/avr/5.4.0/../../../../avr/lib/avr5\libm.a(floatsisf.o)
                0x00003348                __floatunsisf
                0x0000334c                __floatsisf
 .text.avr-libc.fplib
                0x000033c2       0x48 c:/program files (x86)/atmel/studio/7.0/toolchain/avr8/avr8-gnu-toolchain/bin/../lib/gcc/avr/5.4.0/../../../../avr/lib/avr5\libm.a(fp_cmp.o)
                0x000033c2                __fp_cmp
 .text.avr-libc.fplib
                0x0000340a        0xc c:/program files (x86)/atmel/studio/7.0/toolchain/avr8/avr8-gnu-toolchain/bin/../lib/gcc/avr/5.4.0/../../../../avr/lib/avr5\libm.a(fp_inf.o)
                0x0000340a                __fp_inf
 .text.avr-libc.fplib
                0x00003416        0x6 c:/program files (x86)/atmel/studio/7.0/toolchain/avr8/avr8-gnu-toolchain/bin/../lib/gcc/avr/5.4.0/../../../../avr/lib/avr5\libm.a(fp_nan.o)
                0x00003416                __fp_nan
 .text.avr-libc.fplib
                0x0000341c        0xe c:/program files (x86)/atmel/studio/7.0/toolchain/avr8/avr8-gnu-toolchain/bin/../lib/gcc/avr/5.4.0/../../../../avr/lib/avr5\libm.a(fp_pscA.o)
                0x0000341c                __fp_pscA
 .text.avr-libc.fplib
                0x0000342a        0xe c:/program files (x86)/atmel/studio/7.0/toolchain/avr8/avr8-gnu-toolchain/bin/../lib/gcc/avr/5.4.0/../../../../avr/lib/avr5\libm.a(fp_pscB.o)
                0x0000342a                __fp_pscB
 .text.avr-libc.fplib
                0x00003438       0x22 c:/program files (x86)/atmel/studio/7.0/toolchain/avr8/avr8-gnu-toolchain/bin/../lib/gcc/avr/5.4.0/../../../../avr/lib/avr5\libm.a(fp_round.o)
                0x00003438                __fp_round
 .text.avr-libc.fplib
                0x0000345a       0x44 c:/program files (x86)/atmel/studio/7.0/toolchain/avr8/avr8-gnu-toolchain/bin/../lib/gcc/avr/5.4.0/../../../../avr/lib/avr5\libm.a(fp_split3.o)
                0x0000345a                __fp_split3
                0x0000346a                __fp_splitA
 .text.avr-libc.fplib
                0x0000349e        0xe c:/program files (x86)/atmel/studio/7.0/toolchain/avr8/avr8-gnu-toolchain/bin/../lib/gcc/avr/5.4.0/../../../../avr/lib/avr5\libm.a(fp_zero.o)
                0x0000349e                __fp_zero
                0x000034a0                __fp_szero
 .text.avr-libc.fplib
                0x000034ac        0xa c:/program files (x86)/atmel/studio/7.0/toolchain/avr8/avr8-gnu-toolchain/bin/../lib/gcc/avr/5.4.0/../../../../avr/lib/avr5\libm.a(gesf2.o)
                0x000034ac                __gesf2
                0x000034ac                __gtsf2
 .text.avr-libc.fplib
                0x000034b6        0x8 c:/program files (x86)/atmel/studio/7.0/toolchain/avr8/avr8-gnu-toolchain/bin/../lib/gcc/avr/5.4.0/../../../../avr/lib/avr5\libm.a(mulsf3.o)
                0x000034b6                __mulsf3
 .text.avr-libc.fplib
                0x000034be       0xd2 c:/program files (x86)/atmel/studio/7.0/toolchain/avr8/avr8-gnu-toolchain/bin/../lib/gcc/avr/5.4.0/../../../../avr/lib/avr5\libm.a(mulsf3x.o)
                0x000034dc                __mulsf3x
                0x000034e2                __mulsf3_pse
 .text._ZN14HardwareSerial9availableEv
                0x00003590       0x18 D:\Project Badger\vkr\vkr\ArduinoCore\Debug\libArduinoCore.a(HardwareSerial.o)
                0x00003590                _ZN14HardwareSerial9availableEv
 .text._ZN14HardwareSerial4peekEv
                0x000035a8       0x1c D:\Project Badger\vkr\vkr\ArduinoCore\Debug\libArduinoCore.a(HardwareSerial.o)
                0x000035a8                _ZN14HardwareSerial4peekEv
 .text._ZN14HardwareSerial4readEv
                0x000035c4       0x28 D:\Project Badger\vkr\vkr\ArduinoCore\Debug\libArduinoCore.a(HardwareSerial.o)
                0x000035c4                _ZN14HardwareSerial4readEv
 .text._ZN14HardwareSerial17availableForWriteEv
                0x000035ec       0x1e D:\Project Badger\vkr\vkr\ArduinoCore\Debug\libArduinoCore.a(HardwareSerial.o)
                0x000035ec                _ZN14HardwareSerial17availableForWriteEv
 .text._Z14serialEventRunv
                0x0000360a       0x1c D:\Project Badger\vkr\vkr\ArduinoCore\Debug\libArduinoCore.a(HardwareSerial.o)
                0x0000360a                _Z14serialEventRunv
 .text._ZN14HardwareSerial17_tx_udr_empty_irqEv
                0x00003626       0x44 D:\Project Badger\vkr\vkr\ArduinoCore\Debug\libArduinoCore.a(HardwareSerial.o)
                0x00003626                _ZN14HardwareSerial17_tx_udr_empty_irqEv
 .text._ZN14HardwareSerial5writeEh
                0x0000366a       0x9a D:\Project Badger\vkr\vkr\ArduinoCore\Debug\libArduinoCore.a(HardwareSerial.o)
                0x0000366a                _ZN14HardwareSerial5writeEh
 .text._ZN14HardwareSerial5flushEv
                0x00003704       0x44 D:\Project Badger\vkr\vkr\ArduinoCore\Debug\libArduinoCore.a(HardwareSerial.o)
                0x00003704                _ZN14HardwareSerial5flushEv
 .text._ZN14HardwareSerial5beginEmh
                0x00003748       0xca D:\Project Badger\vkr\vkr\ArduinoCore\Debug\libArduinoCore.a(HardwareSerial.o)
                0x00003748                _ZN14HardwareSerial5beginEmh
 .text.__vector_18
                0x00003812       0x64 D:\Project Badger\vkr\vkr\ArduinoCore\Debug\libArduinoCore.a(HardwareSerial0.o)
                0x00003812                __vector_18
 .text.__vector_19
                0x00003876       0x4c D:\Project Badger\vkr\vkr\ArduinoCore\Debug\libArduinoCore.a(HardwareSerial0.o)
                0x00003876                __vector_19
 .text._Z17Serial0_availablev
                0x000038c2       0x14 D:\Project Badger\vkr\vkr\ArduinoCore\Debug\libArduinoCore.a(HardwareSerial0.o)
                0x000038c2                _Z17Serial0_availablev
 .text.startup._GLOBAL__sub_I___vector_18
                0x000038d6       0x5a D:\Project Badger\vkr\vkr\ArduinoCore\Debug\libArduinoCore.a(HardwareSerial0.o)
 .text.initVariant
                0x00003930        0x2 D:\Project Badger\vkr\vkr\ArduinoCore\Debug\libArduinoCore.a(main.o)
                0x00003930                initVariant
 .text.startup.main
                0x00003932       0x1e D:\Project Badger\vkr\vkr\ArduinoCore\Debug\libArduinoCore.a(main.o)
                0x00003932                main
 .text._ZN5Print5writeEPKhj
                0x00003950       0x54 D:\Project Badger\vkr\vkr\ArduinoCore\Debug\libArduinoCore.a(Print.o)
                0x00003950                _ZN5Print5writeEPKhj
 .text._ZN5Print5writeEPKc
                0x000039a4       0x2a D:\Project Badger\vkr\vkr\ArduinoCore\Debug\libArduinoCore.a(Print.o)
                0x000039a4                _ZN5Print5writeEPKc
 .text._ZN5Print5printEPK19__FlashStringHelper
                0x000039ce       0x48 D:\Project Badger\vkr\vkr\ArduinoCore\Debug\libArduinoCore.a(Print.o)
                0x000039ce                _ZN5Print5printEPK19__FlashStringHelper
 .text._ZN5Print5printEc
                0x00003a16        0xe D:\Project Badger\vkr\vkr\ArduinoCore\Debug\libArduinoCore.a(Print.o)
                0x00003a16                _ZN5Print5printEc
 .text._ZN5Print7printlnEv
                0x00003a24        0x8 D:\Project Badger\vkr\vkr\ArduinoCore\Debug\libArduinoCore.a(Print.o)
                0x00003a24                _ZN5Print7printlnEv
 .text._ZN5Print7printlnEPK19__FlashStringHelper
                0x00003a2c       0x24 D:\Project Badger\vkr\vkr\ArduinoCore\Debug\libArduinoCore.a(Print.o)
                0x00003a2c                _ZN5Print7printlnEPK19__FlashStringHelper
 .text._ZN5Print11printNumberEmh
                0x00003a50       0x92 D:\Project Badger\vkr\vkr\ArduinoCore\Debug\libArduinoCore.a(Print.o)
                0x00003a50                _ZN5Print11printNumberEmh
 .text._ZN5Print5printEmi
                0x00003ae2       0x1a D:\Project Badger\vkr\vkr\ArduinoCore\Debug\libArduinoCore.a(Print.o)
                0x00003ae2                _ZN5Print5printEmi
 .text._ZN5Print5printEhi
                0x00003afc        0xe D:\Project Badger\vkr\vkr\ArduinoCore\Debug\libArduinoCore.a(Print.o)
                0x00003afc                _ZN5Print5printEhi
 .text._ZN5Print7printlnEhi
                0x00003b0a       0x24 D:\Project Badger\vkr\vkr\ArduinoCore\Debug\libArduinoCore.a(Print.o)
                0x00003b0a                _ZN5Print7printlnEhi
 .text._ZN5Print5printEji
                0x00003b2e        0xc D:\Project Badger\vkr\vkr\ArduinoCore\Debug\libArduinoCore.a(Print.o)
                0x00003b2e                _ZN5Print5printEji
 .text._ZN5Print5printEli
                0x00003b3a       0x90 D:\Project Badger\vkr\vkr\ArduinoCore\Debug\libArduinoCore.a(Print.o)
                0x00003b3a                _ZN5Print5printEli
 .text._ZN5Print5printEii
                0x00003bca        0xe D:\Project Badger\vkr\vkr\ArduinoCore\Debug\libArduinoCore.a(Print.o)
                0x00003bca                _ZN5Print5printEii
 .text._ZN5Print7printlnEii
                0x00003bd8       0x24 D:\Project Badger\vkr\vkr\ArduinoCore\Debug\libArduinoCore.a(Print.o)
                0x00003bd8                _ZN5Print7printlnEii
 .text._ZN5Print10printFloatEdh
                0x00003bfc      0x1b6 D:\Project Badger\vkr\vkr\ArduinoCore\Debug\libArduinoCore.a(Print.o)
                0x00003bfc                _ZN5Print10printFloatEdh
 .text._ZN5Print5printEdi
                0x00003db2        0x4 D:\Project Badger\vkr\vkr\ArduinoCore\Debug\libArduinoCore.a(Print.o)
                0x00003db2                _ZN5Print5printEdi
 .text._ZN5Print7printlnEdi
                0x00003db6       0x24 D:\Project Badger\vkr\vkr\ArduinoCore\Debug\libArduinoCore.a(Print.o)
                0x00003db6                _ZN5Print7printlnEdi
 .text.__vector_16
                0x00003dda       0x94 D:\Project Badger\vkr\vkr\ArduinoCore\Debug\libArduinoCore.a(wiring.o)
                0x00003dda                __vector_16
 .text.millis   0x00003e6e       0x18 D:\Project Badger\vkr\vkr\ArduinoCore\Debug\libArduinoCore.a(wiring.o)
                0x00003e6e                millis
 .text.micros   0x00003e86       0x4a D:\Project Badger\vkr\vkr\ArduinoCore\Debug\libArduinoCore.a(wiring.o)
                0x00003e86                micros
 .text.delay    0x00003ed0       0x78 D:\Project Badger\vkr\vkr\ArduinoCore\Debug\libArduinoCore.a(wiring.o)
                0x00003ed0                delay
 .text.delayMicroseconds
                0x00003f48       0x16 D:\Project Badger\vkr\vkr\ArduinoCore\Debug\libArduinoCore.a(wiring.o)
                0x00003f48                delayMicroseconds
 .text.init     0x00003f5e       0x76 D:\Project Badger\vkr\vkr\ArduinoCore\Debug\libArduinoCore.a(wiring.o)
                0x00003f5e                init
 .text.turnOffPWM
                0x00003fd4       0x52 D:\Project Badger\vkr\vkr\ArduinoCore\Debug\libArduinoCore.a(wiring_digital.o)
 .text.pinMode  0x00004026       0x78 D:\Project Badger\vkr\vkr\ArduinoCore\Debug\libArduinoCore.a(wiring_digital.o)
                0x00004026                pinMode
 .text.digitalWrite
                0x0000409e       0x5e D:\Project Badger\vkr\vkr\ArduinoCore\Debug\libArduinoCore.a(wiring_digital.o)
                0x0000409e                digitalWrite
 .text.digitalRead
                0x000040fc       0x52 D:\Project Badger\vkr\vkr\ArduinoCore\Debug\libArduinoCore.a(wiring_digital.o)
                0x000040fc                digitalRead
 .text.__empty  0x0000414e        0x2 D:\Project Badger\vkr\vkr\ArduinoCore\Debug\libArduinoCore.a(hooks.o)
                0x0000414e                yield
 .text.avr-libc.fplib
                0x00004150        0xa c:/program files (x86)/atmel/studio/7.0/toolchain/avr8/avr8-gnu-toolchain/bin/../lib/gcc/avr/5.4.0/../../../../avr/lib/avr5\libm.a(unordsf2.o)
                0x00004150                __unordsf2
 .text.libgcc.div
                0x0000415a       0x44 c:/program files (x86)/atmel/studio/7.0/toolchain/avr8/avr8-gnu-toolchain/bin/../lib/gcc/avr/5.4.0/avr5\libgcc.a(_udivmodsi4.o)
                0x0000415a                __udivmodsi4
 .text.libgcc   0x0000419e        0xc c:/program files (x86)/atmel/studio/7.0/toolchain/avr8/avr8-gnu-toolchain/bin/../lib/gcc/avr/5.4.0/avr5\libgcc.a(_tablejump2.o)
                0x0000419e                __tablejump2__
 .text.avr-libc
                0x000041aa       0x10 C:/Program Files (x86)/Atmel/Studio/7.0/Packs/atmel/ATmega_DFP/1.2.209/gcc/dev/atmega328p/avr5\libatmega328p.a(eerd_byte.o)
                0x000041aa                eeprom_read_byte
 .text.avr-libc
                0x000041ba        0xc C:/Program Files (x86)/Atmel/Studio/7.0/Packs/atmel/ATmega_DFP/1.2.209/gcc/dev/atmega328p/avr5\libatmega328p.a(eerd_dword.o)
                0x000041ba                eeprom_read_float
                0x000041ba                eeprom_read_dword
 .text.avr-libc
                0x000041c6       0x24 C:/Program Files (x86)/Atmel/Studio/7.0/Packs/atmel/ATmega_DFP/1.2.209/gcc/dev/atmega328p/avr5\libatmega328p.a(eeupd_byte.o)
                0x000041c6                eeprom_update_byte
                0x000041c8                eeprom_update_r18
 .text.avr-libc
                0x000041ea       0x18 C:/Program Files (x86)/Atmel/Studio/7.0/Packs/atmel/ATmega_DFP/1.2.209/gcc/dev/atmega328p/avr5\libatmega328p.a(eeupd_dword.o)
                0x000041ea                eeprom_update_float
                0x000041ea                eeprom_update_dword
 .text.avr-libc
                0x00004202       0x20 C:/Program Files (x86)/Atmel/Studio/7.0/Packs/atmel/ATmega_DFP/1.2.209/gcc/dev/atmega328p/avr5\libatmega328p.a(eerd_block.o)
                0x00004202                eeprom_read_block
                0x00004206                eeprom_read_blraw
                0x00004222                . = ALIGN (0x2)
 *(.fini9)
 .fini9         0x00004222        0x0 c:/program files (x86)/atmel/studio/7.0/toolchain/avr8/avr8-gnu-toolchain/bin/../lib/gcc/avr/5.4.0/avr5\libgcc.a(_exit.o)
                0x00004222                _exit
                0x00004222                exit
 *(.fini9)
 *(.fini8)
 *(.fini8)
 *(.fini7)
 *(.fini7)
 *(.fini6)
 *(.fini6)
 *(.fini5)
 *(.fini5)
 *(.fini4)
 *(.fini4)
 *(.fini3)
 *(.fini3)
 *(.fini2)
 *(.fini2)
 *(.fini1)
 *(.fini1)
 *(.fini0)
 .fini0         0x00004222        0x4 c:/program files (x86)/atmel/studio/7.0/toolchain/avr8/avr8-gnu-toolchain/bin/../lib/gcc/avr/5.4.0/avr5\libgcc.a(_exit.o)
 *(.fini0)
                0x00004226                _etext = .

.data           0x00800100       0xb2 load address 0x00004226
                0x00800100                PROVIDE (__data_start, .)
 *(.data)
 *(.data*)
 .data.ads      0x00800100       0x20 Sketch.o
                0x00800100                ads
 .data.adsChars
                0x00800120       0x3e Sketch.o
                0x00800120                adsChars
 *(.gnu.linkonce.d*)
 *(.rodata)
 .rodata        0x0080015e        0xc Sketch.o
 .rodata        0x0080016a        0x8 src/libraries/LiquidCrystal_I2C_V112/LiquidCrystal_I2C.o
 *(.rodata*)
 .rodata._ZTV17LiquidCrystal_I2C
                0x00800172        0xc src/libraries/LiquidCrystal_I2C_V112/LiquidCrystal_I2C.o
                0x00800172                _ZTV17LiquidCrystal_I2C
 .rodata._ZTV7TwoWire
                0x0080017e       0x12 src/libraries/Wire/src/Wire.o
                0x0080017e                _ZTV7TwoWire
 .rodata._ZTV14HardwareSerial
                0x00800190       0x12 D:\Project Badger\vkr\vkr\ArduinoCore\Debug\libArduinoCore.a(HardwareSerial.o)
                0x00800190                _ZTV14HardwareSerial
 .rodata.str1.1
                0x008001a2        0xf D:\Project Badger\vkr\vkr\ArduinoCore\Debug\libArduinoCore.a(Print.o)
 *(.gnu.linkonce.r*)
                0x008001b2                . = ALIGN (0x2)
 *fill*         0x008001b1        0x1 
                0x008001b2                _edata = .
                0x008001b2                PROVIDE (__data_end, .)

.bss            0x008001b2      0x218
                0x008001b2                PROVIDE (__bss_start, .)
 *(.bss)
 *(.bss*)
 .bss.serialUpdateStamp
                0x008001b2        0x4 Sketch.o
                0x008001b2                serialUpdateStamp
 .bss.lcdUpdateScreen
                0x008001b6        0x1 Sketch.o
                0x008001b6                lcdUpdateScreen
 .bss.modeWork  0x008001b7        0x2 Sketch.o
                0x008001b7                modeWork
 .bss.lcd       0x008001b9        0xc Sketch.o
                0x008001b9                lcd
 .bss.setDigit  0x008001c5        0x8 Sketch.o
                0x008001c5                setDigit
 .bss.icError   0x008001cd       0x1a Sketch.o
                0x008001cd                icError
 .bss.settings  0x008001e7       0x2d Sketch.o
                0x008001e7                settings
 .bss.button2Callback
                0x00800214       0x21 Sketch.o
                0x00800214                button2Callback
 .bss.button1Callback
                0x00800235       0x21 Sketch.o
                0x00800235                button1Callback
 .bss.adsAmperage
                0x00800256        0x5 Sketch.o
                0x00800256                adsAmperage
 .bss.adsVoltage
                0x0080025b        0x5 Sketch.o
                0x0080025b                adsVoltage
 .bss.twi_error
                0x00800260        0x1 src/libraries/Wire/src/utility/twi.o
 .bss.twi_rxBufferIndex
                0x00800261        0x1 src/libraries/Wire/src/utility/twi.o
 .bss.twi_rxBuffer
                0x00800262       0x20 src/libraries/Wire/src/utility/twi.o
 .bss.twi_txBufferLength
                0x00800282        0x1 src/libraries/Wire/src/utility/twi.o
 .bss.twi_txBufferIndex
                0x00800283        0x1 src/libraries/Wire/src/utility/twi.o
 .bss.twi_txBuffer
                0x00800284       0x20 src/libraries/Wire/src/utility/twi.o
 .bss.twi_masterBufferLength
                0x008002a4        0x1 src/libraries/Wire/src/utility/twi.o
 .bss.twi_masterBufferIndex
                0x008002a5        0x1 src/libraries/Wire/src/utility/twi.o
 .bss.twi_masterBuffer
                0x008002a6       0x20 src/libraries/Wire/src/utility/twi.o
 .bss.twi_onSlaveReceive
                0x008002c6        0x2 src/libraries/Wire/src/utility/twi.o
 .bss.twi_onSlaveTransmit
                0x008002c8        0x2 src/libraries/Wire/src/utility/twi.o
 .bss.twi_inRepStart
                0x008002ca        0x1 src/libraries/Wire/src/utility/twi.o
 .bss.twi_sendStop
                0x008002cb        0x1 src/libraries/Wire/src/utility/twi.o
 .bss.twi_slarw
                0x008002cc        0x1 src/libraries/Wire/src/utility/twi.o
 .bss.twi_state
                0x008002cd        0x1 src/libraries/Wire/src/utility/twi.o
 .bss.Wire      0x008002ce        0xc src/libraries/Wire/src/Wire.o
                0x008002ce                Wire
 .bss._ZN7TwoWire14user_onReceiveE
                0x008002da        0x2 src/libraries/Wire/src/Wire.o
                0x008002da                _ZN7TwoWire14user_onReceiveE
 .bss._ZN7TwoWire14user_onRequestE
                0x008002dc        0x2 src/libraries/Wire/src/Wire.o
                0x008002dc                _ZN7TwoWire14user_onRequestE
 .bss._ZN7TwoWire12transmittingE
                0x008002de        0x1 src/libraries/Wire/src/Wire.o
                0x008002de                _ZN7TwoWire12transmittingE
 .bss._ZN7TwoWire14txBufferLengthE
                0x008002df        0x1 src/libraries/Wire/src/Wire.o
                0x008002df                _ZN7TwoWire14txBufferLengthE
 .bss._ZN7TwoWire13txBufferIndexE
                0x008002e0        0x1 src/libraries/Wire/src/Wire.o
                0x008002e0                _ZN7TwoWire13txBufferIndexE
 .bss._ZN7TwoWire8txBufferE
                0x008002e1       0x20 src/libraries/Wire/src/Wire.o
                0x008002e1                _ZN7TwoWire8txBufferE
 .bss._ZN7TwoWire9txAddressE
                0x00800301        0x1 src/libraries/Wire/src/Wire.o
                0x00800301                _ZN7TwoWire9txAddressE
 .bss._ZN7TwoWire14rxBufferLengthE
                0x00800302        0x1 src/libraries/Wire/src/Wire.o
                0x00800302                _ZN7TwoWire14rxBufferLengthE
 .bss._ZN7TwoWire13rxBufferIndexE
                0x00800303        0x1 src/libraries/Wire/src/Wire.o
                0x00800303                _ZN7TwoWire13rxBufferIndexE
 .bss._ZN7TwoWire8rxBufferE
                0x00800304       0x20 src/libraries/Wire/src/Wire.o
                0x00800304                _ZN7TwoWire8rxBufferE
 .bss.Serial    0x00800324       0x9d D:\Project Badger\vkr\vkr\ArduinoCore\Debug\libArduinoCore.a(HardwareSerial0.o)
                0x00800324                Serial
 .bss.timer0_fract
                0x008003c1        0x1 D:\Project Badger\vkr\vkr\ArduinoCore\Debug\libArduinoCore.a(wiring.o)
 .bss.timer0_millis
                0x008003c2        0x4 D:\Project Badger\vkr\vkr\ArduinoCore\Debug\libArduinoCore.a(wiring.o)
                0x008003c2                timer0_millis
 .bss.timer0_overflow_count
                0x008003c6        0x4 D:\Project Badger\vkr\vkr\ArduinoCore\Debug\libArduinoCore.a(wiring.o)
                0x008003c6                timer0_overflow_count
 *(COMMON)
                0x008003ca                PROVIDE (__bss_end, .)
                0x00004226                __data_load_start = LOADADDR (.data)
                0x000042d8                __data_load_end = (__data_load_start + SIZEOF (.data))

.noinit         0x008003ca        0x0
                [!provide]                PROVIDE (__noinit_start, .)
 *(.noinit*)
                [!provide]                PROVIDE (__noinit_end, .)
                0x008003ca                _end = .
                [!provide]                PROVIDE (__heap_start, .)

.eeprom         0x00810000       0x28
 *(.eeprom*)
 .eeprom        0x00810000       0x28 Sketch.o
                0x00810000                eeprom_amperage_mult_ac
                0x00810004                eeprom_amperage_mult_bc
                0x00810008                eeprom_amperage_mult_ab
                0x0081000c                eeprom_voltage_mult_ac
                0x00810010                eeprom_voltage_mult_bc
                0x00810014                eeprom_voltage_mult_ab
                0x00810018                eeprom_impedance_ac
                0x0081001c                eeprom_impedance_bc
                0x00810020                eeprom_impedance_ab
                0x00810024                eeprom_gain_voltage
                0x00810025                eeprom_gain_amperage
                0x00810026                eeprom_connection_type
                0x00810027                eeprom_first_start
                0x00810028                __eeprom_end = .

.fuse
 *(.fuse)
 *(.lfuse)
 *(.hfuse)
 *(.efuse)

.lock
 *(.lock*)

.signature
 *(.signature*)

.user_signatures
 *(.user_signatures*)

.stab
 *(.stab)

.stabstr
 *(.stabstr)

.stab.excl
 *(.stab.excl)

.stab.exclstr
 *(.stab.exclstr)

.stab.index
 *(.stab.index)

.stab.indexstr
 *(.stab.indexstr)

.comment        0x00000000       0x30
 *(.comment)
 .comment       0x00000000       0x30 Sketch.o
                                 0x31 (size before relaxing)
 .comment       0x00000030       0x31 src/libraries/Adafruit_ADS1X15/Adafruit_ADS1015.o
 .comment       0x00000030       0x31 src/libraries/LiquidCrystal_I2C_V112/LiquidCrystal_I2C.o
 .comment       0x00000030       0x31 src/libraries/OneButton/src/OneButton.o
 .comment       0x00000030       0x31 src/libraries/Wire/src/utility/twi.o
 .comment       0x00000030       0x31 src/libraries/Wire/src/Wire.o
 .comment       0x00000030       0x31 D:\Project Badger\vkr\vkr\ArduinoCore\Debug\libArduinoCore.a(HardwareSerial.o)
 .comment       0x00000030       0x31 D:\Project Badger\vkr\vkr\ArduinoCore\Debug\libArduinoCore.a(HardwareSerial0.o)
 .comment       0x00000030       0x31 D:\Project Badger\vkr\vkr\ArduinoCore\Debug\libArduinoCore.a(main.o)
 .comment       0x00000030       0x31 D:\Project Badger\vkr\vkr\ArduinoCore\Debug\libArduinoCore.a(Print.o)
 .comment       0x00000030       0x31 D:\Project Badger\vkr\vkr\ArduinoCore\Debug\libArduinoCore.a(wiring.o)
 .comment       0x00000030       0x31 D:\Project Badger\vkr\vkr\ArduinoCore\Debug\libArduinoCore.a(wiring_digital.o)
 .comment       0x00000030       0x31 D:\Project Badger\vkr\vkr\ArduinoCore\Debug\libArduinoCore.a(hooks.o)

.note.gnu.avr.deviceinfo
                0x00000000       0x40
 .note.gnu.avr.deviceinfo
                0x00000000       0x40 C:/Program Files (x86)/Atmel/Studio/7.0/Packs/atmel/ATmega_DFP/1.2.209/gcc/dev/atmega328p/avr5/crtatmega328p.o

.note.gnu.build-id
 *(.note.gnu.build-id)

.debug
 *(.debug)

.line
 *(.line)

.debug_srcinfo
 *(.debug_srcinfo)

.debug_sfnames
 *(.debug_sfnames)

.debug_aranges  0x00000000      0x810
 *(.debug_aranges)
 .debug_aranges
                0x00000000       0xf8 Sketch.o
 .debug_aranges
                0x000000f8       0x78 src/libraries/Adafruit_ADS1X15/Adafruit_ADS1015.o
 .debug_aranges
                0x00000170      0x170 src/libraries/LiquidCrystal_I2C_V112/LiquidCrystal_I2C.o
 .debug_aranges
                0x000002e0       0x98 src/libraries/OneButton/src/OneButton.o
 .debug_aranges
                0x00000378       0x80 src/libraries/Wire/src/utility/twi.o
 .debug_aranges
                0x000003f8       0xf8 src/libraries/Wire/src/Wire.o
 .debug_aranges
                0x000004f0       0x68 D:\Project Badger\vkr\vkr\ArduinoCore\Debug\libArduinoCore.a(HardwareSerial.o)
 .debug_aranges
                0x00000558       0x48 D:\Project Badger\vkr\vkr\ArduinoCore\Debug\libArduinoCore.a(HardwareSerial0.o)
 .debug_aranges
                0x000005a0       0x30 D:\Project Badger\vkr\vkr\ArduinoCore\Debug\libArduinoCore.a(main.o)
 .debug_aranges
                0x000005d0      0x100 D:\Project Badger\vkr\vkr\ArduinoCore\Debug\libArduinoCore.a(Print.o)
 .debug_aranges
                0x000006d0       0x48 D:\Project Badger\vkr\vkr\ArduinoCore\Debug\libArduinoCore.a(wiring.o)
 .debug_aranges
                0x00000718       0x38 D:\Project Badger\vkr\vkr\ArduinoCore\Debug\libArduinoCore.a(wiring_digital.o)
 .debug_aranges
                0x00000750       0x20 D:\Project Badger\vkr\vkr\ArduinoCore\Debug\libArduinoCore.a(hooks.o)
 .debug_aranges
                0x00000770       0x20 C:/Program Files (x86)/Atmel/Studio/7.0/Packs/atmel/ATmega_DFP/1.2.209/gcc/dev/atmega328p/avr5\libatmega328p.a(eerd_byte.o)
 .debug_aranges
                0x00000790       0x20 C:/Program Files (x86)/Atmel/Studio/7.0/Packs/atmel/ATmega_DFP/1.2.209/gcc/dev/atmega328p/avr5\libatmega328p.a(eerd_dword.o)
 .debug_aranges
                0x000007b0       0x20 C:/Program Files (x86)/Atmel/Studio/7.0/Packs/atmel/ATmega_DFP/1.2.209/gcc/dev/atmega328p/avr5\libatmega328p.a(eeupd_byte.o)
 .debug_aranges
                0x000007d0       0x20 C:/Program Files (x86)/Atmel/Studio/7.0/Packs/atmel/ATmega_DFP/1.2.209/gcc/dev/atmega328p/avr5\libatmega328p.a(eeupd_dword.o)
 .debug_aranges
                0x000007f0       0x20 C:/Program Files (x86)/Atmel/Studio/7.0/Packs/atmel/ATmega_DFP/1.2.209/gcc/dev/atmega328p/avr5\libatmega328p.a(eerd_block.o)

.debug_pubnames
 *(.debug_pubnames)

.debug_info     0x00000000    0x10314
 *(.debug_info .gnu.linkonce.wi.*)
 .debug_info    0x00000000      0x5f4 C:/Program Files (x86)/Atmel/Studio/7.0/Packs/atmel/ATmega_DFP/1.2.209/gcc/dev/atmega328p/avr5/crtatmega328p.o
 .debug_info    0x000005f4     0x30a7 Sketch.o
 .debug_info    0x0000369b      0x9fa src/libraries/Adafruit_ADS1X15/Adafruit_ADS1015.o
 .debug_info    0x00004095     0x19d1 src/libraries/LiquidCrystal_I2C_V112/LiquidCrystal_I2C.o
 .debug_info    0x00005a66      0x8e2 src/libraries/OneButton/src/OneButton.o
 .debug_info    0x00006348      0x604 src/libraries/Wire/src/utility/twi.o
 .debug_info    0x0000694c     0x27b0 src/libraries/Wire/src/Wire.o
 .debug_info    0x000090fc     0x1f64 D:\Project Badger\vkr\vkr\ArduinoCore\Debug\libArduinoCore.a(HardwareSerial.o)
 .debug_info    0x0000b060     0x1b16 D:\Project Badger\vkr\vkr\ArduinoCore\Debug\libArduinoCore.a(HardwareSerial0.o)
 .debug_info    0x0000cb76      0x237 D:\Project Badger\vkr\vkr\ArduinoCore\Debug\libArduinoCore.a(main.o)
 .debug_info    0x0000cdad     0x28ff D:\Project Badger\vkr\vkr\ArduinoCore\Debug\libArduinoCore.a(Print.o)
 .debug_info    0x0000f6ac      0x2cb D:\Project Badger\vkr\vkr\ArduinoCore\Debug\libArduinoCore.a(wiring.o)
 .debug_info    0x0000f977      0x5fe D:\Project Badger\vkr\vkr\ArduinoCore\Debug\libArduinoCore.a(wiring_digital.o)
 .debug_info    0x0000ff75       0x3e D:\Project Badger\vkr\vkr\ArduinoCore\Debug\libArduinoCore.a(hooks.o)
 .debug_info    0x0000ffb3       0xac C:/Program Files (x86)/Atmel/Studio/7.0/Packs/atmel/ATmega_DFP/1.2.209/gcc/dev/atmega328p/avr5\libatmega328p.a(eerd_byte.o)
 .debug_info    0x0001005f       0xad C:/Program Files (x86)/Atmel/Studio/7.0/Packs/atmel/ATmega_DFP/1.2.209/gcc/dev/atmega328p/avr5\libatmega328p.a(eerd_dword.o)
 .debug_info    0x0001010c       0xad C:/Program Files (x86)/Atmel/Studio/7.0/Packs/atmel/ATmega_DFP/1.2.209/gcc/dev/atmega328p/avr5\libatmega328p.a(eeupd_byte.o)
 .debug_info    0x000101b9       0xae C:/Program Files (x86)/Atmel/Studio/7.0/Packs/atmel/ATmega_DFP/1.2.209/gcc/dev/atmega328p/avr5\libatmega328p.a(eeupd_dword.o)
 .debug_info    0x00010267       0xad C:/Program Files (x86)/Atmel/Studio/7.0/Packs/atmel/ATmega_DFP/1.2.209/gcc/dev/atmega328p/avr5\libatmega328p.a(eerd_block.o)

.debug_abbrev   0x00000000     0x2d8c
 *(.debug_abbrev)
 .debug_abbrev  0x00000000      0x5a2 C:/Program Files (x86)/Atmel/Studio/7.0/Packs/atmel/ATmega_DFP/1.2.209/gcc/dev/atmega328p/avr5/crtatmega328p.o
 .debug_abbrev  0x000005a2      0x51c Sketch.o
 .debug_abbrev  0x00000abe      0x38b src/libraries/Adafruit_ADS1X15/Adafruit_ADS1015.o
 .debug_abbrev  0x00000e49      0x3e1 src/libraries/LiquidCrystal_I2C_V112/LiquidCrystal_I2C.o
 .debug_abbrev  0x0000122a      0x226 src/libraries/OneButton/src/OneButton.o
 .debug_abbrev  0x00001450      0x260 src/libraries/Wire/src/utility/twi.o
 .debug_abbrev  0x000016b0      0x581 src/libraries/Wire/src/Wire.o
 .debug_abbrev  0x00001c31      0x4b7 D:\Project Badger\vkr\vkr\ArduinoCore\Debug\libArduinoCore.a(HardwareSerial.o)
 .debug_abbrev  0x000020e8      0x3ce D:\Project Badger\vkr\vkr\ArduinoCore\Debug\libArduinoCore.a(HardwareSerial0.o)
 .debug_abbrev  0x000024b6      0x12d D:\Project Badger\vkr\vkr\ArduinoCore\Debug\libArduinoCore.a(main.o)
 .debug_abbrev  0x000025e3      0x47a D:\Project Badger\vkr\vkr\ArduinoCore\Debug\libArduinoCore.a(Print.o)
 .debug_abbrev  0x00002a5d      0x146 D:\Project Badger\vkr\vkr\ArduinoCore\Debug\libArduinoCore.a(wiring.o)
 .debug_abbrev  0x00002ba3      0x15b D:\Project Badger\vkr\vkr\ArduinoCore\Debug\libArduinoCore.a(wiring_digital.o)
 .debug_abbrev  0x00002cfe       0x2a D:\Project Badger\vkr\vkr\ArduinoCore\Debug\libArduinoCore.a(hooks.o)
 .debug_abbrev  0x00002d28       0x14 C:/Program Files (x86)/Atmel/Studio/7.0/Packs/atmel/ATmega_DFP/1.2.209/gcc/dev/atmega328p/avr5\libatmega328p.a(eerd_byte.o)
 .debug_abbrev  0x00002d3c       0x14 C:/Program Files (x86)/Atmel/Studio/7.0/Packs/atmel/ATmega_DFP/1.2.209/gcc/dev/atmega328p/avr5\libatmega328p.a(eerd_dword.o)
 .debug_abbrev  0x00002d50       0x14 C:/Program Files (x86)/Atmel/Studio/7.0/Packs/atmel/ATmega_DFP/1.2.209/gcc/dev/atmega328p/avr5\libatmega328p.a(eeupd_byte.o)
 .debug_abbrev  0x00002d64       0x14 C:/Program Files (x86)/Atmel/Studio/7.0/Packs/atmel/ATmega_DFP/1.2.209/gcc/dev/atmega328p/avr5\libatmega328p.a(eeupd_dword.o)
 .debug_abbrev  0x00002d78       0x14 C:/Program Files (x86)/Atmel/Studio/7.0/Packs/atmel/ATmega_DFP/1.2.209/gcc/dev/atmega328p/avr5\libatmega328p.a(eerd_block.o)

.debug_line     0x00000000     0x45ad
 *(.debug_line .debug_line.* .debug_line_end)
 .debug_line    0x00000000      0x133 C:/Program Files (x86)/Atmel/Studio/7.0/Packs/atmel/ATmega_DFP/1.2.209/gcc/dev/atmega328p/avr5/crtatmega328p.o
 .debug_line    0x00000133     0x1171 Sketch.o
 .debug_line    0x000012a4      0x488 src/libraries/Adafruit_ADS1X15/Adafruit_ADS1015.o
 .debug_line    0x0000172c      0x801 src/libraries/LiquidCrystal_I2C_V112/LiquidCrystal_I2C.o
 .debug_line    0x00001f2d      0x43b src/libraries/OneButton/src/OneButton.o
 .debug_line    0x00002368      0x519 src/libraries/Wire/src/utility/twi.o
 .debug_line    0x00002881      0x608 src/libraries/Wire/src/Wire.o
 .debug_line    0x00002e89      0x4c4 D:\Project Badger\vkr\vkr\ArduinoCore\Debug\libArduinoCore.a(HardwareSerial.o)
 .debug_line    0x0000334d      0x28c D:\Project Badger\vkr\vkr\ArduinoCore\Debug\libArduinoCore.a(HardwareSerial0.o)
 .debug_line    0x000035d9      0x165 D:\Project Badger\vkr\vkr\ArduinoCore\Debug\libArduinoCore.a(main.o)
 .debug_line    0x0000373e      0x685 D:\Project Badger\vkr\vkr\ArduinoCore\Debug\libArduinoCore.a(Print.o)
 .debug_line    0x00003dc3      0x299 D:\Project Badger\vkr\vkr\ArduinoCore\Debug\libArduinoCore.a(wiring.o)
 .debug_line    0x0000405c      0x252 D:\Project Badger\vkr\vkr\ArduinoCore\Debug\libArduinoCore.a(wiring_digital.o)
 .debug_line    0x000042ae       0x41 D:\Project Badger\vkr\vkr\ArduinoCore\Debug\libArduinoCore.a(hooks.o)
 .debug_line    0x000042ef       0x7a C:/Program Files (x86)/Atmel/Studio/7.0/Packs/atmel/ATmega_DFP/1.2.209/gcc/dev/atmega328p/avr5\libatmega328p.a(eerd_byte.o)
 .debug_line    0x00004369       0x68 C:/Program Files (x86)/Atmel/Studio/7.0/Packs/atmel/ATmega_DFP/1.2.209/gcc/dev/atmega328p/avr5\libatmega328p.a(eerd_dword.o)
 .debug_line    0x000043d1       0xb6 C:/Program Files (x86)/Atmel/Studio/7.0/Packs/atmel/ATmega_DFP/1.2.209/gcc/dev/atmega328p/avr5\libatmega328p.a(eeupd_byte.o)
 .debug_line    0x00004487       0x7b C:/Program Files (x86)/Atmel/Studio/7.0/Packs/atmel/ATmega_DFP/1.2.209/gcc/dev/atmega328p/avr5\libatmega328p.a(eeupd_dword.o)
 .debug_line    0x00004502       0xab C:/Program Files (x86)/Atmel/Studio/7.0/Packs/atmel/ATmega_DFP/1.2.209/gcc/dev/atmega328p/avr5\libatmega328p.a(eerd_block.o)

.debug_frame    0x00000000     0x1578
 *(.debug_frame)
 .debug_frame   0x00000000      0x474 Sketch.o
 .debug_frame   0x00000474      0x138 src/libraries/Adafruit_ADS1X15/Adafruit_ADS1015.o
 .debug_frame   0x000005ac      0x380 src/libraries/LiquidCrystal_I2C_V112/LiquidCrystal_I2C.o
 .debug_frame   0x0000092c      0x144 src/libraries/OneButton/src/OneButton.o
 .debug_frame   0x00000a70      0x134 src/libraries/Wire/src/utility/twi.o
 .debug_frame   0x00000ba4      0x280 src/libraries/Wire/src/Wire.o
 .debug_frame   0x00000e24      0x110 D:\Project Badger\vkr\vkr\ArduinoCore\Debug\libArduinoCore.a(HardwareSerial.o)
 .debug_frame   0x00000f34       0xe0 D:\Project Badger\vkr\vkr\ArduinoCore\Debug\libArduinoCore.a(HardwareSerial0.o)
 .debug_frame   0x00001014       0x54 D:\Project Badger\vkr\vkr\ArduinoCore\Debug\libArduinoCore.a(main.o)
 .debug_frame   0x00001068      0x3ac D:\Project Badger\vkr\vkr\ArduinoCore\Debug\libArduinoCore.a(Print.o)
 .debug_frame   0x00001414       0xc4 D:\Project Badger\vkr\vkr\ArduinoCore\Debug\libArduinoCore.a(wiring.o)
 .debug_frame   0x000014d8       0x7c D:\Project Badger\vkr\vkr\ArduinoCore\Debug\libArduinoCore.a(wiring_digital.o)
 .debug_frame   0x00001554       0x24 D:\Project Badger\vkr\vkr\ArduinoCore\Debug\libArduinoCore.a(hooks.o)

.debug_str      0x00000000     0x403e
 *(.debug_str)
 .debug_str     0x00000000      0x208 C:/Program Files (x86)/Atmel/Studio/7.0/Packs/atmel/ATmega_DFP/1.2.209/gcc/dev/atmega328p/avr5/crtatmega328p.o
 .debug_str     0x00000208     0x13a7 Sketch.o
                               0x14a5 (size before relaxing)
 .debug_str     0x000015af      0x17b src/libraries/Adafruit_ADS1X15/Adafruit_ADS1015.o
                                0x6cb (size before relaxing)
 .debug_str     0x0000172a      0xa0b src/libraries/LiquidCrystal_I2C_V112/LiquidCrystal_I2C.o
                                0xde6 (size before relaxing)
 .debug_str     0x00002135       0x94 src/libraries/OneButton/src/OneButton.o
                                0x67b (size before relaxing)
 .debug_str     0x000021c9      0x2c2 src/libraries/Wire/src/utility/twi.o
                                0x39e (size before relaxing)
 .debug_str     0x0000248b     0x1369 src/libraries/Wire/src/Wire.o
                               0x1895 (size before relaxing)
 .debug_str     0x000037f4      0x3cf D:\Project Badger\vkr\vkr\ArduinoCore\Debug\libArduinoCore.a(HardwareSerial.o)
                               0x15ec (size before relaxing)
 .debug_str     0x00003bc3       0x47 D:\Project Badger\vkr\vkr\ArduinoCore\Debug\libArduinoCore.a(HardwareSerial0.o)
                               0x13df (size before relaxing)
 .debug_str     0x00003c0a       0x37 D:\Project Badger\vkr\vkr\ArduinoCore\Debug\libArduinoCore.a(main.o)
                                0x28b (size before relaxing)
 .debug_str     0x00003c41      0x2c4 D:\Project Badger\vkr\vkr\ArduinoCore\Debug\libArduinoCore.a(Print.o)
                               0x1219 (size before relaxing)
 .debug_str     0x00003f05       0x67 D:\Project Badger\vkr\vkr\ArduinoCore\Debug\libArduinoCore.a(wiring.o)
                                0x221 (size before relaxing)
 .debug_str     0x00003f6c       0xb6 D:\Project Badger\vkr\vkr\ArduinoCore\Debug\libArduinoCore.a(wiring_digital.o)
                                0x286 (size before relaxing)
 .debug_str     0x00004022       0x1c D:\Project Badger\vkr\vkr\ArduinoCore\Debug\libArduinoCore.a(hooks.o)
                                0x116 (size before relaxing)

.debug_loc      0x00000000     0x6013
 *(.debug_loc)
 .debug_loc     0x00000000      0xe26 Sketch.o
 .debug_loc     0x00000e26      0x6e4 src/libraries/Adafruit_ADS1X15/Adafruit_ADS1015.o
 .debug_loc     0x0000150a      0xc82 src/libraries/LiquidCrystal_I2C_V112/LiquidCrystal_I2C.o
 .debug_loc     0x0000218c      0x31f src/libraries/OneButton/src/OneButton.o
 .debug_loc     0x000024ab      0x3e6 src/libraries/Wire/src/utility/twi.o
 .debug_loc     0x00002891      0xbe6 src/libraries/Wire/src/Wire.o
 .debug_loc     0x00003477      0x4dc D:\Project Badger\vkr\vkr\ArduinoCore\Debug\libArduinoCore.a(HardwareSerial.o)
 .debug_loc     0x00003953      0x1b0 D:\Project Badger\vkr\vkr\ArduinoCore\Debug\libArduinoCore.a(HardwareSerial0.o)
 .debug_loc     0x00003b03     0x1c87 D:\Project Badger\vkr\vkr\ArduinoCore\Debug\libArduinoCore.a(Print.o)
 .debug_loc     0x0000578a      0x28d D:\Project Badger\vkr\vkr\ArduinoCore\Debug\libArduinoCore.a(wiring.o)
 .debug_loc     0x00005a17      0x5fc D:\Project Badger\vkr\vkr\ArduinoCore\Debug\libArduinoCore.a(wiring_digital.o)

.debug_macinfo
 *(.debug_macinfo)

.debug_weaknames
 *(.debug_weaknames)

.debug_funcnames
 *(.debug_funcnames)

.debug_typenames
 *(.debug_typenames)

.debug_varnames
 *(.debug_varnames)

.debug_pubtypes
 *(.debug_pubtypes)

.debug_ranges   0x00000000      0x730
 *(.debug_ranges)
 .debug_ranges  0x00000000      0x148 Sketch.o
 .debug_ranges  0x00000148       0x68 src/libraries/Adafruit_ADS1X15/Adafruit_ADS1015.o
 .debug_ranges  0x000001b0      0x160 src/libraries/LiquidCrystal_I2C_V112/LiquidCrystal_I2C.o
 .debug_ranges  0x00000310       0x88 src/libraries/OneButton/src/OneButton.o
 .debug_ranges  0x00000398       0x70 src/libraries/Wire/src/utility/twi.o
 .debug_ranges  0x00000408       0xe8 src/libraries/Wire/src/Wire.o
 .debug_ranges  0x000004f0       0x58 D:\Project Badger\vkr\vkr\ArduinoCore\Debug\libArduinoCore.a(HardwareSerial.o)
 .debug_ranges  0x00000548       0x38 D:\Project Badger\vkr\vkr\ArduinoCore\Debug\libArduinoCore.a(HardwareSerial0.o)
 .debug_ranges  0x00000580       0x20 D:\Project Badger\vkr\vkr\ArduinoCore\Debug\libArduinoCore.a(main.o)
 .debug_ranges  0x000005a0      0x120 D:\Project Badger\vkr\vkr\ArduinoCore\Debug\libArduinoCore.a(Print.o)
 .debug_ranges  0x000006c0       0x38 D:\Project Badger\vkr\vkr\ArduinoCore\Debug\libArduinoCore.a(wiring.o)
 .debug_ranges  0x000006f8       0x28 D:\Project Badger\vkr\vkr\ArduinoCore\Debug\libArduinoCore.a(wiring_digital.o)
 .debug_ranges  0x00000720       0x10 D:\Project Badger\vkr\vkr\ArduinoCore\Debug\libArduinoCore.a(hooks.o)

.debug_macro
 *(.debug_macro)
OUTPUT(main.elf elf32-avr)
LOAD linker stubs
